
> pro@0.1.0 build
> next build

⚠ Warning: Next.js inferred your workspace root, but it may not be correct.
 We detected multiple lockfiles and selected the directory of /home/hemanth/package-lock.json as the root directory.
 To silence this warning, set `turbopack.root` in your Next.js config, or consider removing one of the lockfiles if it's not needed.
   See https://nextjs.org/docs/app/api-reference/config/next-config-js/turbopack#root-directory for more information.
 Detected additional lockfiles: 
   * /home/hemanth/my-project/projects/pro/package-lock.json

▲ Next.js 16.2.2 (Turbopack)
- Environments: .env.local, .env

⚠ The "middleware" file convention is deprecated. Please use "proxy" instead. Learn more: https://nextjs.org/docs/messages/middleware-to-proxy
  Creating an optimized production build ...
(node:41380) [MODULE_TYPELESS_PACKAGE_JSON] Warning: Module type of file:///home/hemanth/my-project/projects/pro/postcss.config.js is not specified and it doesn't parse as CommonJS.
Reparsing as ES module because module syntax was detected. This incurs a performance overhead.
To eliminate this warning, add "type": "module" to /home/hemanth/my-project/projects/pro/package.json.
(Use `node --trace-warnings ...` to show where the warning was created)
✓ Compiled successfully in 8.4s
  Running TypeScript ...
  Finished TypeScript in 6.4s ...
  Collecting page data using 11 workers ...
Error [PrismaClientInitializationError]: `PrismaClient` needs to be constructed with a non-empty, valid `PrismaClientOptions`:

```
new PrismaClient({
  ...
})
```

or

```
constructor() {
  super({ ... });
}
```
          
    at module evaluation (.next/server/chunks/[root-of-the-server]__0clo3q_._.js:1:1302)
    at instantiateModule (.next/server/chunks/[turbopack]_runtime.js:853:9)
    at instantiateRuntimeModule (.next/server/chunks/[turbopack]_runtime.js:882:12)
    at getOrInstantiateRuntimeModule (.next/server/chunks/[turbopack]_runtime.js:895:12)
    at Object.m (.next/server/chunks/[turbopack]_runtime.js:898:18)
    at Object.<anonymous> (.next/server/app/api/register/route.js:7:3) {
  clientVersion: '7.6.0',
  errorCode: undefined,
  retryable: undefined
}

> Build error occurred
Error: Failed to collect page data for /api/register
    at ignore-listed frames {
  type: 'Error'
}
